// Jest Snapshot v1, https://goo.gl/fbAQLP

exports[`Test Footer component <Footer> test snapshot 1`] = `
<div
  className="col-12 page-footer d-flex justify-content-center align-middle py-3"
>
  <Logo />
</div>
`;
